projects/amazon-trend-analyzer/qb_chunks/page_347_skip347000.csv
ASIN Buyability Flag,asin_status,CVR%,revenue,asp,units,gv,Images #,Videos #,Has A+ Content,Buybox Winner,Average Rating,Number of Ratings,bb_price,Ad CTR%,Ad CVR%,bsr,brand,Ad CPC$,ASIN (Description),Update Type,Sold By Amazon,Has Coupon?,Has Store Link?,In Stock Today?,category,Sellable On Hand Units,asin,date,Ad Cost,Ad Sales,Ad Clicks,Ad Impressions,Ad Conversions
In Stock,ACTIVE,0.277,287.0,6.99,41.0,148.0,7.0,2.0,True,,4.2,9192.0,6.99,,,14.0,Clorox,,B0B4T4ZCNZ (Clorox Fraganzia - In-Wash Scent Booster Crystals - 2 x 18oz - Vanilla (Twin Pack of 22115)),[],True,False,False,False,Laundry,5579.0,B0B4T4ZCNZ,2025-05-20,,,,,
In Stock,ACTIVE,0.349,412.0,6.99,59.0,169.0,7.0,2.0,True,,4.2,9182.0,6.99,,,13.0,Clorox,,B0B4T4ZCNZ (Clorox Fraganzia - In-Wash Scent Booster Crystals - 2 x 18oz - Vanilla (Twin Pack of 22115)),[],True,False,False,False,Laundry,5630.0,B0B4T4ZCNZ,2025-05-19,,,,,
In Stock,ACTIVE,0.33,405.0,6.99,58.0,176.0,7.0,2.0,True,,4.2,9171.0,6.99,,,13.0,Clorox,,B0B4T4ZCNZ (Clorox Fraganzia - In-Wash Scent Booster Crystals - 2 x 18oz - Vanilla (Twin Pack of 22115)),[],True,False,False,False,Laundry,5685.0,B0B4T4ZCNZ,2025-05-18,,,,,
In Stock,ACTIVE,0.278,308.0,6.99,44.0,158.0,7.0,2.0,True,,4.2,9163.0,6.99,,,13.0,Clorox,,B0B4T4ZCNZ (Clorox Fraganzia - In-Wash Scent Booster Crystals - 2 x 18oz - Vanilla (Twin Pack of 22115)),[],True,False,False,False,Laundry,5709.0,B0B4T4ZCNZ,2025-05-17,,,,,
In Stock,ACTIVE,0.267,252.0,6.99,36.0,135.0,7.0,2.0,True,,4.2,9149.0,6.99,,,13.0,Clorox,,B0B4T4ZCNZ (Clorox Fraganzia - In-Wash Scent Booster Crystals - 2 x 18oz - Vanilla (Twin Pack of 22115)),[],True,False,False,False,Laundry,5711.0,B0B4T4ZCNZ,2025-05-16,,,,,
In Stock,ACTIVE,0.266,329.0,6.99,47.0,177.0,7.0,2.0,True,,4.2,9141.0,6.99,,,14.0,Clorox,,B0B4T4ZCNZ (Clorox Fraganzia - In-Wash Scent Booster Crystals - 2 x 18oz - Vanilla (Twin Pack of 22115)),[],True,False,False,False,Laundry,5772.0,B0B4T4ZCNZ,2025-05-15,,,,,
In Stock,ACTIVE,0.285,343.0,6.99,49.0,172.0,7.0,2.0,True,,4.2,9130.0,6.99,,,14.0,Clorox,,B0B4T4ZCNZ (Clorox Fraganzia - In-Wash Scent Booster Crystals - 2 x 18oz - Vanilla (Twin Pack of 22115)),[],True,False,False,False,Laundry,5629.0,B0B4T4ZCNZ,2025-05-14,,,,,
In Stock,ACTIVE,0.129,154.0,6.99,22.0,171.0,7.0,2.0,True,,4.2,9125.0,6.99,,,14.0,Clorox,,B0B4T4ZCNZ (Clorox Fraganzia - In-Wash Scent Booster Crystals - 2 x 18oz - Vanilla (Twin Pack of 22115)),[],True,False,False,False,Laundry,5620.0,B0B4T4ZCNZ,2025-05-13,,,,,
In Stock,ACTIVE,0.362,447.0,6.99,64.0,177.0,7.0,2.0,True,,4.2,9116.0,6.99,,,12.0,Clorox,,B0B4T4ZCNZ (Clorox Fraganzia - In-Wash Scent Booster Crystals - 2 x 18oz - Vanilla (Twin Pack of 22115)),[],True,False,False,False,Laundry,5443.0,B0B4T4ZCNZ,2025-05-12,,,,,
In Stock,ACTIVE,0.286,336.0,6.99,48.0,168.0,7.0,2.0,True,,4.2,9108.0,6.99,,,13.0,Clorox,,B0B4T4ZCNZ (Clorox Fraganzia - In-Wash Scent Booster Crystals - 2 x 18oz - Vanilla (Twin Pack of 22115)),[],True,False,False,False,Laundry,5535.0,B0B4T4ZCNZ,2025-05-11,,,,,
In Stock,ACTIVE,0.267,329.0,6.99,47.0,176.0,7.0,2.0,True,,4.2,9101.0,6.99,,,13.0,Clorox,,B0B4T4ZCNZ (Clorox Fraganzia - In-Wash Scent Booster Crystals - 2 x 18oz - Vanilla (Twin Pack of 22115)),[],True,False,False,False,Laundry,5653.0,B0B4T4ZCNZ,2025-05-10,,,,,
In Stock,ACTIVE,0.318,343.0,6.99,49.0,154.0,7.0,2.0,True,,4.2,9096.0,6.99,,,14.0,Clorox,,B0B4T4ZCNZ (Clorox Fraganzia - In-Wash Scent Booster Crystals - 2 x 18oz - Vanilla (Twin Pack of 22115)),[],True,False,False,False,Laundry,5564.0,B0B4T4ZCNZ,2025-05-09,,,,,
In Stock,ACTIVE,0.38,440.0,6.99,63.0,166.0,7.0,1.0,True,,4.2,9084.0,6.99,,,14.0,Clorox,,B0B4T4ZCNZ (Clorox Fraganzia - In-Wash Scent Booster Crystals - 2 x 18oz - Vanilla (Twin Pack of 22115)),[],True,False,False,False,Laundry,5453.0,B0B4T4ZCNZ,2025-05-08,,,,,
In Stock,FD,,0.0,,0.0,,7.0,0.0,True,,4.6,24.0,13.22,,,434.0,Friends,,B0B4T5V8JM (Friends: Iconic Logo Hoodie - Medium),[],True,False,False,True,Apparel,12.0,B0B4T5V8JM,2025-10-02,,,,,
In Stock,FD,1.0,13.0,13.22,1.0,1.0,7.0,0.0,True,,4.6,24.0,13.22,,,414.0,Friends,,B0B4T5V8JM (Friends: Iconic Logo Hoodie - Medium),[],True,False,False,True,Apparel,14.0,B0B4T5V8JM,2025-10-01,,,,,
In Stock,FD,0.0,,,,1.0,7.0,0.0,True,,4.6,24.0,13.22,,,360.0,Friends,,B0B4T5V8JM (Friends: Iconic Logo Hoodie - Medium),[],True,False,False,True,Apparel,13.0,B0B4T5V8JM,2025-09-30,,,,,
In Stock,FD,,0.0,,0.0,,7.0,0.0,True,,4.6,24.0,13.19,,,290.0,Friends,,B0B4T5V8JM (Friends: Iconic Logo Hoodie - Medium),[],True,False,False,True,Apparel,11.0,B0B4T5V8JM,2025-09-29,,,,,
In Stock,FD,,0.0,,0.0,,7.0,0.0,True,,4.6,24.0,13.19,,,484.0,Friends,,B0B4T5V8JM (Friends: Iconic Logo Hoodie - Medium),[],True,False,False,True,Apparel,12.0,B0B4T5V8JM,2025-09-28,,,,,
In Stock,FD,0.167,13.0,13.19,1.0,6.0,7.0,0.0,True,,4.6,24.0,13.19,,,473.0,Friends,,B0B4T5V8JM (Friends: Iconic Logo Hoodie - Medium),[],True,False,False,True,Apparel,14.0,B0B4T5V8JM,2025-09-27,,,,,
In Stock,FD,0.0,,,,2.0,7.0,0.0,True,,4.6,24.0,13.19,,,458.0,Friends,,B0B4T5V8JM (Friends: Iconic Logo Hoodie - Medium),[],True,False,False,True,Apparel,15.0,B0B4T5V8JM,2025-09-26,,,,,
In Stock,FD,,,,,,7.0,0.0,True,,4.6,24.0,13.19,,,443.0,Friends,,B0B4T5V8JM (Friends: Iconic Logo Hoodie - Medium),[],True,False,False,True,Apparel,15.0,B0B4T5V8JM,2025-09-25,,,,,
In Stock,FD,0.0,,,,3.0,7.0,0.0,True,,4.6,24.0,13.19,,,438.0,Friends,,B0B4T5V8JM (Friends: Iconic Logo Hoodie - Medium),[],True,False,False,True,Apparel,15.0,B0B4T5V8JM,2025-09-24,,,,,
In Stock,FD,0.0,,,,3.0,7.0,0.0,True,,4.6,24.0,13.19,,,433.0,Friends,,B0B4T5V8JM (Friends: Iconic Logo Hoodie - Medium),[],True,False,False,True,Apparel,15.0,B0B4T5V8JM,2025-09-23,,,,,
In Stock,FD,0.0,,,,2.0,7.0,0.0,True,,4.6,24.0,13.19,,,414.0,Friends,,B0B4T5V8JM (Friends: Iconic Logo Hoodie - Medium),[],True,False,False,True,Apparel,16.0,B0B4T5V8JM,2025-09-22,,,,,
In Stock,FD,0.0,,,,3.0,7.0,0.0,True,,4.6,24.0,13.19,,,402.0,Friends,,B0B4T5V8JM (Friends: Iconic Logo Hoodie - Medium),[],True,False,False,True,Apparel,16.0,B0B4T5V8JM,2025-09-21,,,,,
In Stock,FD,0.0,,,,2.0,7.0,0.0,True,,4.6,24.0,13.19,,,388.0,Friends,,B0B4T5V8JM (Friends: Iconic Logo Hoodie - Medium),[],True,False,False,True,Apparel,16.0,B0B4T5V8JM,2025-09-20,,,,,
In Stock,FD,0.0,,,,3.0,7.0,0.0,True,,4.6,24.0,13.19,,,356.0,Friends,,B0B4T5V8JM (Friends: Iconic Logo Hoodie - Medium),[],True,False,False,True,Apparel,16.0,B0B4T5V8JM,2025-09-19,,,,,
In Stock,FD,0.0,,,,2.0,7.0,0.0,True,,4.6,24.0,13.19,,,311.0,Friends,,B0B4T5V8JM (Friends: Iconic Logo Hoodie - Medium),[],True,False,False,True,Apparel,16.0,B0B4T5V8JM,2025-09-18,,,,,
In Stock,FD,0.0,,,,3.0,7.0,0.0,True,,4.6,24.0,11.93,,,255.0,Friends,,B0B4T5V8JM (Friends: Iconic Logo Hoodie - Medium),[],True,False,False,True,Apparel,16.0,B0B4T5V8JM,2025-09-17,,,,,
In Stock,FD,0.0,,,,3.0,7.0,0.0,True,,4.6,24.0,11.93,0.0,,404.0,Friends,,B0B4T5V8JM (Friends: Iconic Logo Hoodie - Medium),[],True,False,False,True,Apparel,16.0,B0B4T5V8JM,2025-09-16,0.0,0.0,0.0,5.0,0.0
In Stock,FD,0.0,,,,3.0,7.0,0.0,True,,4.6,24.0,11.93,0.0,,379.0,Friends,,B0B4T5V8JM (Friends: Iconic Logo Hoodie - Medium),[],True,False,False,True,Apparel,16.0,B0B4T5V8JM,2025-09-15,0.0,0.0,0.0,124.0,0.0
In Stock,FD,,,,,,7.0,0.0,True,,4.6,24.0,12.31,0.0,,352.0,Friends,,B0B4T5V8JM (Friends: Iconic Logo Hoodie - Medium),[],True,False,False,True,Apparel,16.0,B0B4T5V8JM,2025-09-14,0.0,0.0,0.0,21.0,0.0
In Stock,FD,,,,,,7.0,0.0,True,,4.6,24.0,12.31,,,326.0,Friends,,B0B4T5V8JM (Friends: Iconic Logo Hoodie - Medium),[],True,False,False,True,Apparel,16.0,B0B4T5V8JM,2025-09-13,,,,,
In Stock,FD,0.0,,,,2.0,7.0,0.0,True,,4.6,24.0,10.99,,,278.0,Friends,,B0B4T5V8JM (Friends: Iconic Logo Hoodie - Medium),[],True,False,False,True,Apparel,16.0,B0B4T5V8JM,2025-09-12,,,,,
In Stock,FD,0.0,,,,3.0,7.0,0.0,True,,4.6,24.0,10.99,,,226.0,Friends,,B0B4T5V8JM (Friends: Iconic Logo Hoodie - Medium),[],True,False,False,True,Apparel,16.0,B0B4T5V8JM,2025-09-11,,,,,
In Stock,FD,0.0,0.0,,0.0,2.0,7.0,0.0,True,,4.6,24.0,10.99,,,247.0,Friends,,B0B4T5V8JM (Friends: Iconic Logo Hoodie - Medium),[],True,False,False,True,Apparel,16.0,B0B4T5V8JM,2025-09-10,,,,,
In Stock,FD,0.5,11.0,10.99,1.0,2.0,7.0,0.0,True,,4.6,24.0,10.99,,,357.0,Friends,,B0B4T5V8JM (Friends: Iconic Logo Hoodie - Medium),[],True,False,False,True,Apparel,18.0,B0B4T5V8JM,2025-09-09,,,,,
In Stock,FD,0.25,11.0,10.99,1.0,4.0,7.0,0.0,True,,4.6,24.0,10.99,,,303.0,Friends,,B0B4T5V8JM (Friends: Iconic Logo Hoodie - Medium),[],True,False,False,True,Apparel,17.0,B0B4T5V8JM,2025-09-08,0.0,0.0,0.0,0.0,0.0
In Stock,FD,0.0,,,,1.0,7.0,0.0,True,,4.6,24.0,10.99,,,229.0,Friends,,B0B4T5V8JM (Friends: Iconic Logo Hoodie - Medium),[],True,False,False,True,Apparel,17.0,B0B4T5V8JM,2025-09-07,,,,,
In Stock,FD,0.0,,,,6.0,7.0,0.0,True,,4.6,24.0,10.99,,,182.0,Friends,,B0B4T5V8JM (Friends: Iconic Logo Hoodie - Medium),[],True,False,False,True,Apparel,17.0,B0B4T5V8JM,2025-09-06,,,,,
In Stock,FD,0.0,0.0,,0.0,3.0,7.0,0.0,True,,4.6,24.0,10.99,,,134.0,Friends,,B0B4T5V8JM (Friends: Iconic Logo Hoodie - Medium),[],True,False,False,True,Apparel,17.0,B0B4T5V8JM,2025-09-05,,,,,
In Stock,FD,,0.0,,0.0,,7.0,0.0,True,,4.6,24.0,10.99,,,303.0,Friends,,B0B4T5V8JM (Friends: Iconic Logo Hoodie - Medium),[],True,False,False,True,Apparel,17.0,B0B4T5V8JM,2025-09-04,,,,,
In Stock,FD,2.0,22.0,10.99,2.0,1.0,7.0,0.0,True,,4.6,24.0,10.99,,,283.0,Friends,,B0B4T5V8JM (Friends: Iconic Logo Hoodie - Medium),[],True,False,False,True,Apparel,19.0,B0B4T5V8JM,2025-09-03,,,,,
In Stock,FD,0.0,,,,1.0,7.0,0.0,True,,4.6,24.0,10.99,,,215.0,Friends,,B0B4T5V8JM (Friends: Iconic Logo Hoodie - Medium),[],True,False,False,True,Apparel,19.0,B0B4T5V8JM,2025-09-02,,,,,
In Stock,FD,0.0,0.0,,0.0,4.0,7.0,0.0,True,,4.6,24.0,10.99,,,250.0,Friends,,B0B4T5V8JM (Friends: Iconic Logo Hoodie - Medium),[],True,False,False,True,Apparel,19.0,B0B4T5V8JM,2025-09-01,,,,,
In Stock,FD,0.667,22.0,10.99,2.0,3.0,7.0,0.0,True,,4.6,24.0,10.99,,,424.0,Friends,,B0B4T5V8JM (Friends: Iconic Logo Hoodie - Medium),[],True,False,False,True,Apparel,19.0,B0B4T5V8JM,2025-08-31,,,,,
In Stock,FD,0.0,,,,1.0,7.0,0.0,True,,4.6,24.0,10.99,,,421.0,Friends,,B0B4T5V8JM (Friends: Iconic Logo Hoodie - Medium),[],True,False,False,True,Apparel,21.0,B0B4T5V8JM,2025-08-30,,,,,
In Stock,FD,0.0,,,,5.0,7.0,0.0,True,,4.6,24.0,10.99,,,410.0,Friends,,B0B4T5V8JM (Friends: Iconic Logo Hoodie - Medium),[],True,False,False,True,Apparel,18.0,B0B4T5V8JM,2025-08-29,,,,,
In Stock,FD,0.0,,,,1.0,7.0,0.0,True,,4.6,24.0,10.99,,,406.0,Friends,,B0B4T5V8JM (Friends: Iconic Logo Hoodie - Medium),[],True,False,False,True,Apparel,18.0,B0B4T5V8JM,2025-08-28,,,,,
In Stock,FD,0.0,,,,1.0,7.0,0.0,True,,4.6,24.0,10.99,,,399.0,Friends,,B0B4T5V8JM (Friends: Iconic Logo Hoodie - Medium),[],True,False,False,True,Apparel,18.0,B0B4T5V8JM,2025-08-27,,,,,
In Stock,FD,,0.0,,0.0,,7.0,0.0,True,,4.6,24.0,10.99,,,392.0,Friends,,B0B4T5V8JM (Friends: Iconic Logo Hoodie - Medium),[],True,False,False,True,Apparel,18.0,B0B4T5V8JM,2025-08-26,,,,,
In Stock,FD,,,,,,7.0,0.0,True,,4.6,24.0,10.99,,,385.0,Friends,,B0B4T5V8JM (Friends: Iconic Logo Hoodie - Medium),[],True,False,False,True,Apparel,21.0,B0B4T5V8JM,2025-08-25,,,,,
In Stock,FD,0.0,,,,1.0,7.0,0.0,True,,4.6,24.0,10.99,,,375.0,Friends,,B0B4T5V8JM (Friends: Iconic Logo Hoodie - Medium),[],True,False,False,True,Apparel,18.0,B0B4T5V8JM,2025-08-24,,,,,
In Stock,FD,,,,,,7.0,0.0,True,,4.6,24.0,10.99,,,361.0,Friends,,B0B4T5V8JM (Friends: Iconic Logo Hoodie - Medium),[],True,False,False,True,Apparel,18.0,B0B4T5V8JM,2025-08-23,,,,,
In Stock,FD,,,,,,7.0,0.0,True,,4.6,24.0,10.99,,,335.0,Friends,,B0B4T5V8JM (Friends: Iconic Logo Hoodie - Medium),[],True,False,False,True,Apparel,18.0,B0B4T5V8JM,2025-08-22,,,,,
In Stock,FD,0.0,,,,1.0,7.0,0.0,True,,4.6,24.0,10.99,,,314.0,Friends,,B0B4T5V8JM (Friends: Iconic Logo Hoodie - Medium),[],True,False,False,True,Apparel,18.0,B0B4T5V8JM,2025-08-21,,,,,
In Stock,FD,0.0,,,,1.0,7.0,0.0,True,,4.6,23.0,10.99,,,294.0,Friends,,B0B4T5V8JM (Friends: Iconic Logo Hoodie - Medium),[],True,False,False,True,Apparel,18.0,B0B4T5V8JM,2025-08-20,,,,,
In Stock,FD,0.0,,,,3.0,7.0,0.0,True,,4.6,23.0,10.99,,,250.0,Friends,,B0B4T5V8JM (Friends: Iconic Logo Hoodie - Medium),[],True,False,False,True,Apparel,18.0,B0B4T5V8JM,2025-08-19,,,,,
In Stock,FD,0.0,0.0,,0.0,1.0,7.0,0.0,True,,4.6,23.0,10.99,,,202.0,Friends,,B0B4T5V8JM (Friends: Iconic Logo Hoodie - Medium),[],True,False,False,True,Apparel,18.0,B0B4T5V8JM,2025-08-18,,,,,
In Stock,FD,0.0,,,,2.0,7.0,0.0,True,,4.6,23.0,10.99,,,330.0,Friends,,B0B4T5V8JM (Friends: Iconic Logo Hoodie - Medium),[],True,False,False,True,Apparel,17.0,B0B4T5V8JM,2025-08-17,,,,,
In Stock,FD,0.0,,,,2.0,7.0,0.0,True,,4.6,23.0,10.99,,,315.0,Friends,,B0B4T5V8JM (Friends: Iconic Logo Hoodie - Medium),[],True,False,False,True,Apparel,17.0,B0B4T5V8JM,2025-08-16,,,,,
In Stock,FD,0.0,,,,1.0,7.0,0.0,True,,4.6,23.0,10.99,,,299.0,Friends,,B0B4T5V8JM (Friends: Iconic Logo Hoodie - Medium),[],True,False,False,True,Apparel,17.0,B0B4T5V8JM,2025-08-15,,,,,
In Stock,FD,,,,,0.0,7.0,0.0,True,,4.6,23.0,10.99,,,277.0,Friends,,B0B4T5V8JM (Friends: Iconic Logo Hoodie - Medium),[],True,False,False,True,Apparel,17.0,B0B4T5V8JM,2025-08-14,,,,,
In Stock,FD,0.0,,,,1.0,7.0,0.0,True,,4.6,23.0,10.99,,,264.0,Friends,,B0B4T5V8JM (Friends: Iconic Logo Hoodie - Medium),[],True,False,False,True,Apparel,17.0,B0B4T5V8JM,2025-08-13,,,,,
In Stock,FD,0.0,,,,2.0,7.0,0.0,True,,4.6,23.0,10.99,,,240.0,Friends,,B0B4T5V8JM (Friends: Iconic Logo Hoodie - Medium),[],True,False,False,True,Apparel,17.0,B0B4T5V8JM,2025-08-12,,,,,
In Stock,FD,0.0,,,,1.0,7.0,0.0,True,,4.6,23.0,10.99,,,193.0,Friends,,B0B4T5V8JM (Friends: Iconic Logo Hoodie - Medium),[],True,False,False,True,Apparel,17.0,B0B4T5V8JM,2025-08-11,,,,,
In Stock,FD,0.0,,,,2.0,7.0,0.0,True,,4.6,23.0,10.99,,,274.0,Friends,,B0B4T5V8JM (Friends: Iconic Logo Hoodie - Medium),[],True,False,False,True,Apparel,17.0,B0B4T5V8JM,2025-08-10,,,,,
In Stock,FD,0.0,,,,3.0,7.0,0.0,True,,4.6,23.0,10.99,,,248.0,Friends,,B0B4T5V8JM (Friends: Iconic Logo Hoodie - Medium),[],True,False,False,True,Apparel,17.0,B0B4T5V8JM,2025-08-09,,,,,
In Stock,FD,,0.0,,0.0,,7.0,0.0,True,,4.6,23.0,10.99,,,194.0,Friends,,B0B4T5V8JM (Friends: Iconic Logo Hoodie - Medium),[],True,False,False,True,Apparel,17.0,B0B4T5V8JM,2025-08-08,,,,,
In Stock,FD,0.0,,,,5.0,7.0,0.0,True,,4.6,23.0,10.99,,,298.0,Friends,,B0B4T5V8JM (Friends: Iconic Logo Hoodie - Medium),[],True,False,False,True,Apparel,17.0,B0B4T5V8JM,2025-08-07,,,,,
In Stock,FD,0.0,,,,6.0,7.0,0.0,True,,4.6,23.0,10.99,,,269.0,Friends,,B0B4T5V8JM (Friends: Iconic Logo Hoodie - Medium),[],True,False,False,True,Apparel,17.0,B0B4T5V8JM,2025-08-06,,,,,
In Stock,FD,,,,,,7.0,0.0,True,,4.6,23.0,10.99,,,241.0,Friends,,B0B4T5V8JM (Friends: Iconic Logo Hoodie - Medium),[],True,False,False,True,Apparel,17.0,B0B4T5V8JM,2025-08-05,,,,,
In Stock,FD,0.0,0.0,,0.0,3.0,7.0,0.0,True,,4.6,23.0,10.99,,,179.0,Friends,,B0B4T5V8JM (Friends: Iconic Logo Hoodie - Medium),[],True,False,False,True,Apparel,17.0,B0B4T5V8JM,2025-08-04,,,,,
In Stock,FD,0.0,0.0,,0.0,2.0,7.0,0.0,True,,4.6,23.0,10.99,,,245.0,Friends,,B0B4T5V8JM (Friends: Iconic Logo Hoodie - Medium),[],True,False,False,True,Apparel,16.0,B0B4T5V8JM,2025-08-03,,,,,
In Stock,FD,0.5,11.0,10.99,1.0,2.0,7.0,0.0,True,,4.6,23.0,10.99,,,196.0,Friends,,B0B4T5V8JM (Friends: Iconic Logo Hoodie - Medium),[],True,False,False,True,Apparel,16.0,B0B4T5V8JM,2025-08-02,,,,,
In Stock,FD,0.0,0.0,,0.0,3.0,7.0,0.0,True,,4.6,23.0,10.99,,,156.0,Friends,,B0B4T5V8JM (Friends: Iconic Logo Hoodie - Medium),[],True,False,False,True,Apparel,16.0,B0B4T5V8JM,2025-08-01,,,,,
In Stock,FD,0.0,,,,4.0,14.0,0.0,True,,4.6,23.0,10.99,,,168.0,Friends,,B0B4T5V8JM (Friends: Iconic Logo Hoodie - Medium),[],True,False,False,True,Apparel,16.0,B0B4T5V8JM,2025-07-31,,,,,
In Stock,FD,0.0,,,,1.0,7.0,0.0,True,,4.6,23.0,10.99,,,125.0,Friends,,B0B4T5V8JM (Friends: Iconic Logo Hoodie - Medium),[],True,False,False,True,Apparel,17.0,B0B4T5V8JM,2025-07-30,,,,,
In Stock,FD,,0.0,,0.0,,0.0,0.0,True,,4.6,23.0,10.99,,,177.0,Friends,,B0B4T5V8JM (Friends: Iconic Logo Hoodie - Medium),[],True,False,False,True,Apparel,17.0,B0B4T5V8JM,2025-07-29,,,,,
In Stock,FD,1.5,33.0,10.99,3.0,2.0,0.0,0.0,True,,4.5,22.0,10.99,,,133.0,Friends,,B0B4T5V8JM (Friends: Iconic Logo Hoodie - Medium),[],True,False,False,True,Apparel,19.0,B0B4T5V8JM,2025-07-28,,,,,
In Stock,FD,0.0,,,,6.0,0.0,0.0,True,,4.5,22.0,10.99,,,199.0,Friends,,B0B4T5V8JM (Friends: Iconic Logo Hoodie - Medium),[],True,False,False,True,Apparel,19.0,B0B4T5V8JM,2025-07-27,,,,,
In Stock,FD,0.167,11.0,10.99,1.0,6.0,0.0,0.0,True,,4.5,22.0,10.99,,,122.0,Friends,,B0B4T5V8JM (Friends: Iconic Logo Hoodie - Medium),[],True,False,False,True,Apparel,19.0,B0B4T5V8JM,2025-07-26,,,,,
In Stock,FD,0.0,0.0,,0.0,2.0,0.0,0.0,True,,4.5,22.0,10.99,,,280.0,Friends,,B0B4T5V8JM (Friends: Iconic Logo Hoodie - Medium),[],True,False,False,True,Apparel,19.0,B0B4T5V8JM,2025-07-25,,,,,
In Stock,FD,0.2,11.0,10.99,1.0,5.0,0.0,0.0,True,,4.5,22.0,10.99,,,261.0,Friends,,B0B4T5V8JM (Friends: Iconic Logo Hoodie - Medium),[],True,False,False,True,Apparel,20.0,B0B4T5V8JM,2025-07-24,,,,,
In Stock,FD,0.0,,,,2.0,0.0,0.0,True,,4.5,22.0,10.99,,,213.0,Friends,,B0B4T5V8JM (Friends: Iconic Logo Hoodie - Medium),[],True,False,False,True,Apparel,20.0,B0B4T5V8JM,2025-07-23,,,,,
In Stock,FD,0.0,0.0,,0.0,5.0,0.0,0.0,True,,4.5,22.0,10.99,,,229.0,Friends,,B0B4T5V8JM (Friends: Iconic Logo Hoodie - Medium),[],True,False,False,True,Apparel,20.0,B0B4T5V8JM,2025-07-22,,,,,
In Stock,FD,1.0,11.0,10.99,1.0,1.0,0.0,0.0,True,,4.5,22.0,10.99,,,347.0,Friends,,B0B4T5V8JM (Friends: Iconic Logo Hoodie - Medium),[],True,False,False,True,Apparel,21.0,B0B4T5V8JM,2025-07-21,,,,,
In Stock,FD,1.0,11.0,10.99,1.0,1.0,0.0,0.0,True,,4.5,22.0,10.99,,,325.0,Friends,,B0B4T5V8JM (Friends: Iconic Logo Hoodie - Medium),[],True,False,False,True,Apparel,21.0,B0B4T5V8JM,2025-07-20,,,,,
